// Jest Snapshot v1, https://goo.gl/fbAQLP

exports[`HeaderButtonsProvider renders the child and the menu item, when it is displayed by calling presentMenu() that is provided by OverflowMenuContext 1`] = `
[
  <View>
    <Text
      onPress={[Function]}
    >
      show menu
    </Text>
    <Text
      onPress={[Function]}
    >
      hide menu
    </Text>
  </View>,
  <View
    collapsable={false}
    style={
      {
        "bottom": 0,
        "left": 0,
        "position": "absolute",
        "right": 0,
        "top": 0,
      }
    }
  >
    <View
      accessibilityLabel="Close menu"
      accessibilityRole="button"
      accessibilityState={
        {
          "busy": undefined,
          "checked": undefined,
          "disabled": undefined,
          "expanded": undefined,
          "selected": undefined,
        }
      }
      accessible={true}
      focusable={true}
      onClick={[Function]}
      onResponderGrant={[Function]}
      onResponderMove={[Function]}
      onResponderRelease={[Function]}
      onResponderTerminate={[Function]}
      onResponderTerminationRequest={[Function]}
      onStartShouldSetResponder={[Function]}
      style={
        {
          "bottom": 0,
          "left": 0,
          "position": "absolute",
          "right": 0,
          "top": 0,
        }
      }
    />
    <View
      accessibilityViewIsModal={true}
      collapsable={false}
      onAccessibilityEscape={[Function]}
      pointerEvents="box-none"
      style={
        [
          {
            "position": "absolute",
          },
          {
            "left": 8,
            "top": 8,
          },
          undefined,
        ]
      }
    >
      <View
        collapsable={false}
        style={
          {
            "transform": [
              {
                "translateX": -0,
              },
              {
                "translateY": -0,
              },
            ],
          }
        }
      >
        <View
          collapsable={false}
          style={
            {
              "backgroundColor": "rgb(255, 255, 255)",
              "borderRadius": 5,
              "opacity": 0,
              "paddingVertical": 8,
              "shadowColor": "black",
              "shadowOffset": {
                "height": 7,
                "width": 0,
              },
              "shadowOpacity": 0.24,
              "shadowRadius": 8,
              "transform": [
                {
                  "scaleX": 0,
                },
                {
                  "scaleY": 0,
                },
              ],
            }
          }
        >
          <Text>
            overflow menu item
          </Text>
        </View>
      </View>
    </View>
  </View>,
]
`;
